nohup: ignoring input

> rest-express@1.0.0 dev:frontend
> vite --host


  VITE v5.4.20  ready in 284 ms

  ➜  Local:   http://localhost:5173/
  ➜  Network: http://10.0.2.235:5173/
5:01:00 PM [vite] hmr update /src/pages/AllProducts.tsx, /src/index.css
5:01:04 PM [vite] hmr update /src/pages/AllProducts.tsx, /src/index.css
5:01:10 PM [vite] hmr update /src/pages/AllProducts.tsx, /src/index.css
5:01:12 PM [vite] hmr update /src/pages/AllProducts.tsx, /src/index.css
5:08:56 PM [vite] hmr update /src/App.tsx, /src/index.css
5:09:30 PM [vite] hmr update /src/App.tsx, /src/index.css
5:11:23 PM [vite] hmr update /src/App.tsx, /src/index.css
5:15:29 PM [vite] hmr update /src/App.tsx, /src/index.css
5:24:26 PM [vite] page reload src/pages/Home.tsx
5:24:28 PM [vite] page reload src/pages/Home.tsx
5:24:41 PM [vite] page reload src/pages/Home.tsx
5:25:05 PM [vite] page reload src/pages/Home.tsx
5:30:58 PM [vite] hmr update /src/components/MarketplaceBannerCarousel.tsx, /src/index.css
5:31:10 PM [vite] hmr update /src/components/MarketplaceBannerCarousel.tsx, /src/index.css
5:31:16 PM [vite] hmr update /src/components/MarketplaceBannerCarousel.tsx, /src/index.css
5:31:21 PM [vite] page reload src/pages/Home.tsx
5:31:33 PM [vite] page reload src/pages/Home.tsx
5:31:42 PM [vite] page reload src/pages/Home.tsx
5:31:50 PM [vite] hmr update /src/pages/AllProducts.tsx, /src/index.css
5:31:52 PM [vite] hmr update /src/pages/AllProducts.tsx, /src/index.css
5:31:52 PM [vite] page reload src/pages/Home.tsx
5:31:52 PM [vite] hmr update /src/components/MarketplaceBannerCarousel.tsx, /src/index.css
5:32:29 PM [vite] hmr update /src/pages/AllProducts.tsx, /src/index.css
5:32:38 PM [vite] hmr update /src/pages/AllProducts.tsx, /src/index.css
5:32:45 PM [vite] hmr update /src/pages/AllProducts.tsx, /src/index.css
5:34:33 PM [vite] hmr update /src/pages/AllProducts.tsx, /src/index.css
7:57:42 PM [vite] hmr update /src/App.tsx, /src/index.css
7:57:50 PM [vite] page reload src/pages/Home.tsx
8:00:39 PM [vite] hmr update /src/App.tsx, /src/index.css
8:00:39 PM [vite] page reload src/pages/Home.tsx
8:56:46 PM [vite] hmr update /src/components/LogoLoadingScreen.tsx, /src/index.css
8:56:47 PM [vite] hmr invalidate /src/components/LogoLoadingScreen.tsx Could not Fast Refresh ("useAppLoading" export is incompatible). Learn more at https://github.com/vitejs/vite-plugin-react/tree/main/packages/plugin-react#consistent-components-exports
8:56:47 PM [vite] hmr update /src/App.tsx, /src/index.css
8:56:56 PM [vite] hmr update /src/components/LogoLoadingScreen.tsx, /src/index.css
8:56:57 PM [vite] hmr invalidate /src/components/LogoLoadingScreen.tsx Could not Fast Refresh ("useAppLoading" export is incompatible). Learn more at https://github.com/vitejs/vite-plugin-react/tree/main/packages/plugin-react#consistent-components-exports
8:56:57 PM [vite] hmr update /src/App.tsx, /src/index.css
8:57:07 PM [vite] hmr update /src/components/LogoLoadingScreen.tsx, /src/index.css
8:57:08 PM [vite] hmr invalidate /src/components/LogoLoadingScreen.tsx Could not Fast Refresh ("useAppLoading" export is incompatible). Learn more at https://github.com/vitejs/vite-plugin-react/tree/main/packages/plugin-react#consistent-components-exports
8:57:08 PM [vite] hmr update /src/App.tsx, /src/index.css
9:00:46 PM [vite] hmr update /src/components/LogoLoadingScreen.tsx, /src/index.css
9:00:47 PM [vite] hmr invalidate /src/components/LogoLoadingScreen.tsx Could not Fast Refresh ("useAppLoading" export is incompatible). Learn more at https://github.com/vitejs/vite-plugin-react/tree/main/packages/plugin-react#consistent-components-exports
9:00:47 PM [vite] hmr update /src/App.tsx, /src/index.css
9:18:22 PM [vite] hmr update /src/components/LogoLoadingScreen.tsx, /src/index.css
9:18:23 PM [vite] hmr invalidate /src/components/LogoLoadingScreen.tsx Could not Fast Refresh ("useAppLoading" export is incompatible). Learn more at https://github.com/vitejs/vite-plugin-react/tree/main/packages/plugin-react#consistent-components-exports
9:18:23 PM [vite] hmr update /src/App.tsx, /src/index.css
9:18:49 PM [vite] hmr update /src/components/LogoLoadingScreen.tsx, /src/index.css
9:18:50 PM [vite] hmr invalidate /src/components/LogoLoadingScreen.tsx Could not Fast Refresh ("useAppLoading" export is incompatible). Learn more at https://github.com/vitejs/vite-plugin-react/tree/main/packages/plugin-react#consistent-components-exports
9:18:50 PM [vite] hmr update /src/App.tsx, /src/index.css
9:20:01 PM [vite] hmr update /src/components/LogoLoadingScreen.tsx, /src/index.css
9:20:02 PM [vite] hmr invalidate /src/components/LogoLoadingScreen.tsx Could not Fast Refresh ("useAppLoading" export is incompatible). Learn more at https://github.com/vitejs/vite-plugin-react/tree/main/packages/plugin-react#consistent-components-exports
9:20:02 PM [vite] hmr update /src/App.tsx, /src/index.css
9:30:54 PM [vite] hmr update /src/components/LogoLoadingScreen.tsx, /src/index.css
9:30:55 PM [vite] hmr invalidate /src/components/LogoLoadingScreen.tsx Could not Fast Refresh ("useAppLoading" export is incompatible). Learn more at https://github.com/vitejs/vite-plugin-react/tree/main/packages/plugin-react#consistent-components-exports
9:30:55 PM [vite] hmr update /src/App.tsx, /src/index.css
9:31:05 PM [vite] hmr update /src/components/LogoLoadingScreen.tsx, /src/index.css
9:31:05 PM [vite] hmr invalidate /src/components/LogoLoadingScreen.tsx Could not Fast Refresh ("useAppLoading" export is incompatible). Learn more at https://github.com/vitejs/vite-plugin-react/tree/main/packages/plugin-react#consistent-components-exports
9:31:05 PM [vite] hmr update /src/App.tsx, /src/index.css
9:31:15 PM [vite] hmr update /src/components/LogoLoadingScreen.tsx, /src/index.css
9:31:16 PM [vite] hmr invalidate /src/components/LogoLoadingScreen.tsx Could not Fast Refresh ("useAppLoading" export is incompatible). Learn more at https://github.com/vitejs/vite-plugin-react/tree/main/packages/plugin-react#consistent-components-exports
9:31:16 PM [vite] hmr update /src/App.tsx, /src/index.css
9:31:30 PM [vite] hmr update /src/components/LogoLoadingScreen.tsx, /src/index.css
9:31:30 PM [vite] hmr invalidate /src/components/LogoLoadingScreen.tsx Could not Fast Refresh ("useAppLoading" export is incompatible). Learn more at https://github.com/vitejs/vite-plugin-react/tree/main/packages/plugin-react#consistent-components-exports
9:31:30 PM [vite] hmr update /src/App.tsx, /src/index.css
9:31:51 PM [vite] hmr update /src/components/LogoLoadingScreen.tsx, /src/index.css
9:31:52 PM [vite] hmr invalidate /src/components/LogoLoadingScreen.tsx Could not Fast Refresh ("useAppLoading" export is incompatible). Learn more at https://github.com/vitejs/vite-plugin-react/tree/main/packages/plugin-react#consistent-components-exports
9:31:52 PM [vite] hmr update /src/App.tsx, /src/index.css
9:35:18 PM [vite] hmr update /src/components/LogoLoadingScreen.tsx, /src/index.css
9:35:20 PM [vite] hmr invalidate /src/components/LogoLoadingScreen.tsx Could not Fast Refresh ("useAppLoading" export is incompatible). Learn more at https://github.com/vitejs/vite-plugin-react/tree/main/packages/plugin-react#consistent-components-exports
9:35:20 PM [vite] hmr update /src/App.tsx, /src/index.css
9:37:51 PM [vite] hmr update /src/components/LogoLoadingScreen.tsx, /src/index.css
9:37:52 PM [vite] hmr invalidate /src/components/LogoLoadingScreen.tsx Could not Fast Refresh ("useAppLoading" export is incompatible). Learn more at https://github.com/vitejs/vite-plugin-react/tree/main/packages/plugin-react#consistent-components-exports
9:37:52 PM [vite] hmr update /src/App.tsx, /src/index.css
9:38:22 PM [vite] hmr update /src/components/LogoLoadingScreen.tsx, /src/index.css
9:38:23 PM [vite] hmr invalidate /src/components/LogoLoadingScreen.tsx Could not Fast Refresh ("useAppLoading" export is incompatible). Learn more at https://github.com/vitejs/vite-plugin-react/tree/main/packages/plugin-react#consistent-components-exports
9:38:23 PM [vite] hmr update /src/App.tsx, /src/index.css
9:39:07 PM [vite] hmr update /src/components/LogoLoadingScreen.tsx, /src/index.css
9:53:22 PM [vite] hmr update /src/components/MarketplaceBannerCarousel.tsx, /src/index.css
9:53:33 PM [vite] hmr update /src/components/MarketplaceBannerCarousel.tsx, /src/index.css
10:04:18 PM [vite] hmr update /src/components/MarketplaceBannerCarousel.tsx, /src/index.css
10:15:44 PM [vite] hmr update /src/pages/HomeConnected.tsx, /src/index.css
10:15:52 PM [vite] hmr update /src/pages/HomeConnected.tsx, /src/index.css
10:16:32 PM [vite] hmr update /src/pages/HomeConnected.tsx, /src/index.css
10:27:19 PM [vite] hmr update /src/components/AdBanner.tsx, /src/index.css
10:27:44 PM [vite] hmr update /src/components/AdBanner.tsx, /src/index.css
10:28:48 PM [vite] hmr update /src/pages/HomeConnected.tsx, /src/index.css
10:30:26 PM [vite] hmr update /src/pages/HomeConnected.tsx, /src/index.css
10:30:33 PM [vite] hmr update /src/pages/HomeConnected.tsx, /src/index.css
10:36:53 PM [vite] hmr update /src/pages/HomeConnected.tsx, /src/index.css
10:39:30 PM [vite] hmr update /src/components/AdBanner.tsx, /src/index.css
10:40:00 PM [vite] hmr update /src/components/AdBanner.tsx, /src/index.css
10:40:18 PM [vite] hmr update /src/pages/HomeConnected.tsx, /src/index.css
10:40:30 PM [vite] hmr update /src/pages/HomeConnected.tsx, /src/index.css
10:41:15 PM [vite] hmr update /src/pages/HomeConnected.tsx, /src/index.css
10:52:23 PM [vite] hmr update /src/pages/AdminSettings.tsx, /src/index.css
10:52:27 PM [vite] hmr update /src/pages/AdminSettings.tsx, /src/index.css
10:53:17 PM [vite] hmr update /src/pages/AdminSettings.tsx, /src/index.css
10:53:33 PM [vite] hmr update /src/pages/AdminSettings.tsx, /src/index.css
10:53:34 PM [vite] hmr update /src/pages/AdminSettings.tsx, /src/index.css
10:53:39 PM [vite] hmr update /src/pages/AdminSettings.tsx, /src/index.css
10:53:51 PM [vite] hmr update /src/pages/AdminSettings.tsx, /src/index.css
10:54:56 PM [vite] hmr update /src/components/AdBanner.tsx, /src/index.css
10:55:05 PM [vite] hmr update /src/components/AdBanner.tsx, /src/index.css
11:04:32 PM [vite] hmr update /src/pages/AdminSettings.tsx, /src/index.css
11:04:36 PM [vite] hmr update /src/pages/AdminSettings.tsx, /src/index.css
11:05:05 PM [vite] hmr update /src/pages/AdminSettings.tsx, /src/index.css
11:05:17 PM [vite] hmr update /src/pages/AdminSettings.tsx, /src/index.css
11:05:42 PM [vite] hmr update /src/pages/AdminSettings.tsx, /src/index.css
11:06:12 PM [vite] hmr update /src/pages/AdminSettings.tsx, /src/index.css
11:08:10 PM [vite] hmr update /src/pages/AdminSettings.tsx, /src/index.css
11:08:38 PM [vite] hmr update /src/pages/AdminSettings.tsx, /src/index.css
11:27:16 PM [vite] hmr update /src/components/ProductCard.tsx, /src/index.css
11:27:24 PM [vite] hmr update /src/components/ProductCard.tsx, /src/index.css
11:30:22 PM [vite] hmr update /src/components/ProductCard.tsx, /src/index.css
11:43:47 PM [vite] hmr update /src/pages/AdminProductCreate.tsx, /src/index.css
11:44:22 PM [vite] hmr update /src/pages/AdminProductCreate.tsx, /src/index.css
11:50:50 PM [vite] hmr update /src/pages/AdminProductCreate.tsx, /src/index.css
11:51:13 PM [vite] hmr update /src/pages/AdminProductCreate.tsx, /src/index.css
11:51:13 PM [vite] hmr update /src/components/AdBanner.tsx, /src/index.css
11:52:18 PM [vite] hmr update /src/components/AdBanner.tsx, /src/index.css
11:52:23 PM [vite] hmr update /src/components/AdBanner.tsx, /src/index.css
11:52:24 PM [vite] hmr update /src/components/AdBanner.tsx, /src/index.css
11:52:28 PM [vite] hmr update /src/components/AdBanner.tsx, /src/index.css
11:52:38 PM [vite] hmr update /src/components/AdBanner.tsx, /src/index.css
12:04:16 AM [vite] hmr update /src/pages/PaymentVerifyPage.tsx, /src/index.css
12:04:17 AM [vite] hmr update /src/pages/PaymentVerifyPage.tsx, /src/index.css
